components/drone-control.tsx(91,11): error TS17014: JSX fragment has no corresponding closing tag.
components/drone-control.tsx(93,8): error TS17008: JSX element 'div' has no corresponding closing tag.
components/drone-control.tsx(94,10): error TS17008: JSX element 'ScrollArea' has no corresponding closing tag.
components/drone-control.tsx(303,16): error TS17008: JSX element 'Card' has no corresponding closing tag.
components/drone-control.tsx(517,13): error TS1003: Identifier expected.
components/drone-control.tsx(519,1): error TS1381: Unexpected token. Did you mean `{'}'}` or `&rbrace;`?
components/drone-control.tsx(520,1): error TS1005: '</' expected.
components/flight-dashboard.tsx(82,8): error TS17008: JSX element 'ScrollArea' has no corresponding closing tag.
components/flight-dashboard.tsx(98,15): error TS17002: Expected corresponding JSX closing tag for 'div'.
components/flight-dashboard.tsx(99,13): error TS17002: Expected corresponding JSX closing tag for 'div'.
components/flight-dashboard.tsx(122,11): error TS17002: Expected corresponding JSX closing tag for 'div'.
